Open Watcom Linker Version 1.9
Portions Copyright (c) 1985-2002 Sybase, Inc. All Rights Reserved.
Created on:       21/02/21 01:07:22
Executable Image: Proj01.exe
creating an OS/2 32-bit executable


                        +------------+
                        |   Groups   |
                        +------------+

Group                           Address              Size
=====                           =======              ====

DGROUP                          0003:00000000        000126e0



                        +--------------+
                        |   Segments   |
                        +--------------+

Segment                Class          Group          Address         Size
=======                =====          =====          =======         ====

_TEXT16                CODE           AUTO           0001:00000000   00000068
BEGTEXT                CODE           AUTO           0002:00000000   00000007
_TEXT                  CODE           AUTO           0002:00000010   00003d5b
_NULL                  BEGDATA        DGROUP         0003:00000000   00000004
_AFTERNULL             BEGDATA        DGROUP         0003:00000004   00000000
CONST                  DATA           DGROUP         0003:00000004   00000054
CONST2                 DATA           DGROUP         0003:00000058   00000000
_DATA                  DATA           DGROUP         0003:00000058   00000434
XIB                    DATA           DGROUP         0003:0000048c   00000000
XI                     DATA           DGROUP         0003:0000048c   00000018
XIE                    DATA           DGROUP         0003:000004a4   00000000
YIB                    DATA           DGROUP         0003:000004a4   00000000
YI                     DATA           DGROUP         0003:000004a4   00000006
YIE                    DATA           DGROUP         0003:000004aa   00000000
TIB                    DATA           DGROUP         0003:000004aa   00000000
TI                     DATA           DGROUP         0003:000004aa   00000000
TIE                    DATA           DGROUP         0003:000004aa   00000000
DATA                   DATA           DGROUP         0003:000004aa   00000000
_BSS                   BSS            DGROUP         0003:000004ac   0000022c
STACK                  STACK          DGROUP         0003:000006e0   00012000


                        +----------------+
                        |   Memory Map   |
                        +----------------+

* = unreferenced symbol
+ = symbol only referenced locally

Address        Symbol
=======        ======

Module: main.obj(U:\TOARCHIVE\C_Program_OS2\Proj01\main.c)
0002:00000010  main_
Module: C:\WATCOM/lib386/os2\clib3r.lib(stk)
0002:0000009d  __STK
0002:0000008d  __CHK
0002:000000cc* __GRO
0002:000000bc* __STKOVERFLOW_
Module: C:\WATCOM/lib386/os2\clib3r.lib(printf.c)
0002:000000f0  printf_
Module: C:\WATCOM/lib386/os2\clib3r.lib(scanf.c)
0002:00000160+ vscanf_
0002:00000190  scanf_
Module: C:\WATCOM/lib386/os2\clib3r.lib(cstart)
0002:000001ac  _cstart_
Module: C:\WATCOM/lib386/os2\clib3r.lib(xmsgo32.c)
0002:00000210+ __exit_with_msg_
0002:00000260  __fatal_runtime_error_
Module: C:\WATCOM/lib386/os2\clib3r.lib(maino32.c)
0003:00000068+ ___FirstThreadData
0003:0000006c  ___GetThreadPtr
0003:00000070  __AccessFileH
0003:00000074  __ReleaseFileH
0003:00000078  __AccessIOB
0003:0000007c  __ReleaseIOB
0003:00000080  __AccessNHeap
0003:00000084* __AccessFHeap
0003:00000088  __ReleaseNHeap
0003:0000008c* __ReleaseFHeap
0002:00000286  __threadstack_
0002:0000028d* __threadid_
0002:00000294  __OS2MainInit_
0002:00000303+ __OS2Init_
0002:00000341* __OS2Fini_
0002:00000349* __shutdown_stack_checking_
0002:0000035e  __exit_
0003:00000090* __AccessTDList
0003:00000094* __ReleaseTDList
0003:00000098+ ___sig_init_rtn
0003:0000009c* ___sig_fini_rtn
0003:000000a0  __threadstksize
0003:000000a4  ___process_fini
0003:000004ac  ___Is_DLL
0003:000004b0+ ___saved_CS
Module: C:\WATCOM/lib386/os2\clib3r.lib(iob.c)
0003:000000a8  ___iob
0003:000002b0* __fmode
0003:000005b4  ___OpenStreams
0003:000005b8  ___ClosedStreams
Module: C:\WATCOM/lib386/os2\clib3r.lib(fprtf.c)
0002:000003d0  __fprtf_
Module: C:\WATCOM/lib386/os2\clib3r.lib(fgetc.c)
0002:00000490+ __fill_buffer_
0002:00000590  fgetc_
Module: C:\WATCOM/lib386/os2\clib3r.lib(ungetc.c)
0002:00000650  ungetc_
Module: C:\WATCOM/lib386/os2\clib3r.lib(scnf.c)
0002:00001280  __scnf_
Module: C:\WATCOM/lib386/os2\clib3r.lib(main2o32.c)
0002:000014f0  __OS2Main
Module: C:\WATCOM/lib386/os2\clib3r.lib(segdefns)
0002:00000003  ___begtext
0003:00000000* __nullarea
0003:0000048c  __Start_XI
0003:000004a4  __End_XI
0003:000004a4  __Start_YI
0003:000004aa  __End_YI
Module: C:\WATCOM/lib386/os2\clib3r.lib(enterdb.c)
0002:00001560  __EnterWVIDEO_
0003:000002b4+ ___WD_Present
Module: C:\WATCOM/lib386/os2\clib3r.lib(crwdata)
0003:000002fc  __osmajor
0003:000002fd  __osminor
0003:000002c8* __LpDllName
0003:000002cc* __LpwCmdLine
0003:000002d0* __LpwPgmName
0003:000002d4* __LpwDllName
0003:000002c0  __LpCmdLine
0003:000002c4  __LpPgmName
0003:000002b8* __dynend
0003:000002bc  __curbrk
0003:000002d8* __STACKLOW
0003:000002dc* __STACKTOP
0003:000002e0  __ASTACKSIZ
0003:000002e4  __ASTACKPTR
0003:000002e8  __cbyte
0003:000002ec  __cbyte2
0003:000002f0* __child
0003:000002f6  __Envptr
0003:000002fa* __Envseg
0003:000002f4* __no87
0003:000002fe* ___FPE_handler
Module: C:\WATCOM/lib386/os2\clib3r.lib(cinit.c)
0002:00001590  __CommonInit_
0003:000005bc  ___hmodule
Module: C:\WATCOM/lib386/os2\clib3r.lib(initrtns.c)
0002:000015b0  __InitRtns
0002:00001600  __FiniRtns
Module: C:\WATCOM/lib386/os2\clib3r.lib(initfile.c)
0002:00001690  __InitFiles_
Module: C:\WATCOM/lib386/os2\clib3r.lib(ioexit.c)
0002:00001790* fcloseall_
0002:000017a0  __full_io_exit_
Module: C:\WATCOM/lib386/os2\clib3r.lib(fputc.c)
0002:000017b0  fputc_
Module: C:\WATCOM/lib386/os2\clib3r.lib(ioalloc.c)
0002:00001890  __ioalloc_
Module: C:\WATCOM/lib386/os2\clib3r.lib(prtf.c)
0002:00001930  __prtf_
Module: C:\WATCOM/lib386/os2\clib3r.lib(flush.c)
0002:00002600  __flush_
Module: C:\WATCOM/lib386/os2\clib3r.lib(flushall.c)
0002:00002700  __flushall_
0002:00002740* flushall_
Module: C:\WATCOM/lib386/os2\clib3r.lib(gtcheos2.c)
0002:00002750  getche_
Module: C:\WATCOM/lib386/os2\clib3r.lib(qread.c)
0002:00002780  __qread_
Module: C:\WATCOM/lib386/os2\clib3r.lib(seterrno.c)
0002:000027ae  __set_errno_
0002:000027bc* __set_EDOM_
0002:000027ca* __set_ERANGE_
0002:000027d8* __set_EINVAL_
0002:000027eb  __set_doserrno_
Module: C:\WATCOM/lib386/os2\clib3r.lib(istable.c)
0002:00002800  __IsTable
Module: C:\WATCOM/lib386/os2\clib3r.lib(mbisdbcs.c)
0003:000005c0  ___IsDBCS
Module: C:\WATCOM/lib386/os2\clib3r.lib(mbislead.c)
0002:00002910* _ismbblead_
0003:000005c4  ___MBCSIsTable
Module: C:\WATCOM/lib386/os2\clib3r.lib(mbtowc.c)
0002:00002930  mbtowc_
Module: C:\WATCOM/lib386/os2\clib3r.lib(memset.c)
0002:000029f0  memset_
Module: C:\WATCOM/lib386/os2\clib3r.lib(bits.c)
0002:00002a10  __Bits
Module: C:\WATCOM/lib386/os2\clib3r.lib(noefgfmt.c)
0003:00000304  ___EFG_printf
0003:00000308  ___EFG_scanf
Module: C:\WATCOM/lib386/os2\clib3r.lib(fdfs386)
0002:00002a64  __FDFS
Module: C:\WATCOM/lib386/os2\clib3r.lib(tolower.c)
0002:00002ab0  tolower_
Module: C:\WATCOM/lib386/os2\clib3r.lib(i8m)
0002:00002ac0* __I8M
0002:00002ac0  __U8M
Module: C:\WATCOM/lib386/os2\clib3r.lib(mthrdini.c)
0002:00002ae0  __InitThreadData_
0003:0000030c  ___ThreadDataSize
Module: C:\WATCOM/lib386/os2\clib3r.lib(cmain386.c)
0002:00002b00  __CMain
Module: C:\WATCOM/lib386/os2\clib3r.lib(dosseg)
0000:00001234  __DOSseg__
Module: C:\WATCOM/lib386/os2\clib3r.lib(amblksiz.c)
0003:00000310  __amblksiz
Module: C:\WATCOM/lib386/os2\clib3r.lib(nmalloc.c)
0002:00002b40  _nmalloc_
0002:00002b40  malloc_
0003:00000314  ___nheapbeg
0003:00000318  ___MiniHeapRover
0003:0000031c  ___LargestSizeB4MiniHeapRover
Module: C:\WATCOM/lib386/os2\clib3r.lib(fclose.c)
0002:00002c40+ __doclose_
0002:00002ce0  __shutdown_stream_
0002:00002d00* fclose_
0003:000006c8+ ___RmTmpFileFn
Module: C:\WATCOM/lib386/os2\clib3r.lib(freefp.c)
0002:00002d50  __freefp_
0002:00002da0  __purgefp_
Module: C:\WATCOM/lib386/os2\clib3r.lib(chktty.c)
0002:00002dd0  __chktty_
Module: C:\WATCOM/lib386/os2\clib3r.lib(wctomb.c)
0002:00002e10  wctomb_
Module: C:\WATCOM/lib386/os2\clib3r.lib(itoa.c)
0002:00002e40+ utoa_
0002:00002e90  itoa_
Module: C:\WATCOM/lib386/os2\clib3r.lib(strupr.c)
0002:00002ec0  strupr_
Module: C:\WATCOM/lib386/os2\clib3r.lib(lltoa.c)
0002:00002ee0  ulltoa_
0002:00002f50* lltoa_
Module: C:\WATCOM/lib386/os2\clib3r.lib(ltoa.c)
0002:00002f80  ultoa_
0002:00002fd0* ltoa_
Module: C:\WATCOM/lib386/os2\clib3r.lib(__lseek.c)
0002:00003000  __lseek_
Module: C:\WATCOM/lib386/os2\clib3r.lib(fsync.c)
0002:00003030  fsync_
Module: C:\WATCOM/lib386/os2\clib3r.lib(qwrit.c)
0002:00003060  __qwrite_
Module: C:\WATCOM/lib386/os2\clib3r.lib(getchos2.c)
0002:00003100  getch_
Module: C:\WATCOM/lib386/os2\clib3r.lib(putchos2.c)
0002:000031c0  putch_
Module: C:\WATCOM/lib386/os2\clib3r.lib(dosret.c)
0002:00003210* _dosretax_
0002:00003220* _dosret0_
0002:00003230  __set_errno_dos_
0002:00003260* __set_errno_dos_reterr_
Module: C:\WATCOM/lib386/os2\clib3r.lib(mbinit.c)
0002:000032a6  __mbinit_
0003:00000424+ ___MBCodePage
Module: C:\WATCOM/lib386/os2\clib3r.lib(__stos)
0002:000033a0  __STOSB
0002:000033d7* __STOSD
Module: C:\WATCOM/lib386/os2\clib3r.lib(___argc.c)
0003:000006cc  ____Argc
0003:000006d0  ____Argv
Module: C:\WATCOM/lib386/os2\clib3r.lib(exit.c)
0002:00003450+ __null_int23_exit_
0002:00003451  exit_
0002:000034a1* _exit_
0003:00000428+ ___int23_exit
0003:0000042c+ ___FPE_handler_exit
Module: C:\WATCOM/lib386/os2\clib3r.lib(nmemneed.c)
0002:000034c0  __nmemneed_
Module: C:\WATCOM/lib386/os2\clib3r.lib(mem.c)
0002:000034d0  __MemAllocator
0002:00003580  __MemFree
Module: C:\WATCOM/lib386/os2\clib3r.lib(grownear.c)
0002:00003820  __ExpandDGROUP_
Module: C:\WATCOM/lib386/os2\clib3r.lib(_clseos2.c)
0002:00003840  __close_
Module: C:\WATCOM/lib386/os2\clib3r.lib(nfree.c)
0002:00003880  _nfree_
0002:00003880  free_
0003:000006d4  ___MiniHeapFreeRover
Module: C:\WATCOM/lib386/os2\clib3r.lib(isattos2.c)
0002:00003990  isatty_
Module: C:\WATCOM/lib386/os2\clib3r.lib(alphabet.c)
0003:00000030  ___Alphabet
Module: C:\WATCOM/lib386/os2\clib3r.lib(iomode.c)
0002:000039c0  __GetIOMode_
0002:000039e0  __SetIOMode_nogrow_
0003:00000430+ ___NFiles
0003:00000434+ ___init_mode
0003:00000484+ ___io_mode
Module: C:\WATCOM/lib386/os2\clib3r.lib(thunk)
0002:00003a0e  __TNK
0002:000039fa* __TNC
Module: C:\WATCOM/lib386/os2\clib3r.lib(far16fun)
0002:00003a5e  __Far16Func2
0002:00003aa7* __Far16Func
0002:00003af5* __Far16Pascal2
0002:00003b3c* __Far16Pascal
0002:00003b88* __Far16Cdecl2
0002:00003bd6* __Far16Cdecl
0002:00003c29  __FlatToFar16
0002:00003c32* __Far16ToFlat
Module: C:\WATCOM/lib386/os2\clib3r.lib(heapen.c)
0002:00003c40* _heapenable_
0003:00000488  ___heap_enabled
Module: C:\WATCOM/lib386/os2\clib3r.lib(nheapmin.c)
0002:00003c70  _nheapshrink_
0002:00003c70* _nheapmin_
0002:00003c70* _heapmin_
0002:00003c70* _heapshrink_
Module: C:\WATCOM/lib386/os2\clib3r.lib(itsto32.c)
0002:00003d60  __init_threadstksize_


                        +----------------------+
                        |   Imported Symbols   |
                        +----------------------+

Symbol                              Module
======                              ======

DosWrite                            DOSCALLS
DosQuerySysInfo                     DOSCALLS
DosExit                             DOSCALLS
DosRead                             DOSCALLS
DosSetFilePtr                       DOSCALLS
DosResetBuffer                      DOSCALLS
KBD16CHARIN                         KBDCALLS
VIO16WRTTTY                         VIOCALLS
DosQueryDBCSEnv                     NLS
DosQueryCp                          DOSCALLS
DosAllocMem                         DOSCALLS
DosClose                            DOSCALLS
DosQueryHType                       DOSCALLS
DosFlatToSel                        DOSCALLS
DosSelToFlat                        DOSCALLS
DosFreeMem                          DOSCALLS


                        +--------------------+
                        |   Libraries Used   |
                        +--------------------+

C:\WATCOM/lib386/os2\clib3r.lib
C:\WATCOM/lib386/os2\os2386.lib


                        +-----------------------+
                        |   Linker Statistics   |
                        +-----------------------+

Stack size:  00012000 (73728.)
Memory size:  000164b3 (91315.)
Entry point address: 0002:000001ac
Link time: 00:00.41
