Open Watcom Linker Version 1.9
Portions Copyright (c) 1985-2002 Sybase, Inc. All Rights Reserved.
Created on:       22/01/21 00:30:39
Executable Image: Proj02.exe
creating a DOS executable


                        +------------+
                        |   Groups   |
                        +------------+

Group                           Address              Size
=====                           =======              ====

DGROUP                          0430:0000            00000d20



                        +--------------+
                        |   Segments   |
                        +--------------+

Segment                Class          Group          Address         Size
=======                =====          =====          =======         ====

main_TEXT              CODE           AUTO           0000:0000       0000007b
_TEXT                  CODE           AUTO           0000:0080       00004272
FAR_DATA               FAR_DATA       AUTO           042f:0002       00000000
_NULL                  BEGDATA        DGROUP         0430:0000       00000020
_AFTERNULL             BEGDATA        DGROUP         0432:0000       00000002
CONST                  DATA           DGROUP         0432:0002       000000ac
CONST2                 DATA           DGROUP         043c:000e       0000010a
_DATA                  DATA           DGROUP         044d:0008       00000204
XIB                    DATA           DGROUP         046d:000c       00000000
XI                     DATA           DGROUP         046d:000c       00000018
XIE                    DATA           DGROUP         046f:0004       00000000
YIB                    DATA           DGROUP         046f:0004       00000000
YI                     DATA           DGROUP         046f:0004       00000006
YIE                    DATA           DGROUP         046f:000a       00000000
STRINGS                DATA           DGROUP         046f:000a       00000000
DATA                   DATA           DGROUP         046f:000a       00000000
_BSS                   BSS            DGROUP         046f:000a       0000011c
STACK                  STACK          DGROUP         0482:0000       00000800


                        +----------------+
                        |   Memory Map   |
                        +----------------+

* = unreferenced symbol
+ = symbol only referenced locally

Address        Symbol
=======        ======

Module: main.obj(U:\TOARCHIVE\C_Program_OS2\Proj01\main.c)
0000:0000      main_
Module: C:\WATCOM/lib286/dos\clibl.lib(stk)
0000:0085      __STK
0000:00a5*     __STKOVERFLOW_
Module: C:\WATCOM/lib286/dos\clibl.lib(printf.c)
0000:00c2      printf_
Module: C:\WATCOM/lib286/dos\clibl.lib(scanf.c)
0000:0153+     vscanf_
0000:0181      scanf_
Module: C:\WATCOM/lib286/dos\clibl.lib(cstart)
0430:0000*     __nullarea
0430:01da*     __ovlflag
0430:01db*     __intno
0430:01dc*     __ovlvec
0000:01aa      _cstart_
0000:027d*     _Not_Enough_Memory_
0000:03b1      __exit_
0000:03d0      __do_exit_with_msg__
0000:042e      __GETDS
Module: C:\WATCOM/lib286/dos\clibl.lib(cmodel)
0000:0438      _big_code_
0000:0438*     CodeModelMismatch
Module: C:\WATCOM/lib286/dos\clibl.lib(xmsg.c)
0000:0438*     __exit_with_msg_
0000:043d      __fatal_runtime_error_
Module: C:\WATCOM/lib286/dos\clibl.lib(crwdata)
0430:01e0      __curbrk
0430:01e8      __STACKLOW
0430:01ea      __STACKTOP
0430:01ec      __cbyte
0430:01ee      __child
0430:01f0      __no87
0430:01fe      ___FPE_handler
0430:01e2      __psp
0430:01f2      __get_ovl_stack
0430:01f6      __restore_ovl_stack
0430:01fa      __close_ovl_file
0430:0202      __LpCmdLine
0430:0206      __LpPgmName
0430:01e4      __osmajor
0430:01e5      __osminor
0430:01e6      __osmode
0430:01e7      __HShift
Module: C:\WATCOM/lib286/dos\clibl.lib(iob.c)
0430:020a      ___iob
0430:0372*     __fmode
0430:03fa      ___OpenStreams
0430:03fe      ___ClosedStreams
Module: C:\WATCOM/lib286/dos\clibl.lib(fprtf.c)
0000:0476      __fprtf_
Module: C:\WATCOM/lib286/dos\clibl.lib(fgetc.c)
0000:0541+     __fill_buffer_
0000:0636      fgetc_
Module: C:\WATCOM/lib286/dos\clibl.lib(ungetc.c)
0000:06db      ungetc_
Module: C:\WATCOM/lib286/dos\clibl.lib(scnf.c)
0000:1693      __scnf_
Module: C:\WATCOM/lib286/dos\clibl.lib(cmain086.c)
0000:1921      __CMain
Module: C:\WATCOM/lib286/dos\clibl.lib(initrtns.c)
0000:1987      __InitRtns
0000:1987*     __FInitRtns
0000:19e2      __FiniRtns
0000:19e2*     __FFiniRtns
Module: C:\WATCOM/lib286/dos\clibl.lib(uselfn.c)
0430:0374      ___uselfn
Module: C:\WATCOM/lib286/dos\clibl.lib(dosseg)
0000:1a46      __DOSseg__
Module: C:\WATCOM/lib286/dos\clibl.lib(enterdb.c)
0000:1a47      __EnterWVIDEO_
0430:0376+     ___WD_Present
Module: C:\WATCOM/lib286/dos\clibl.lib(initfile.c)
0000:1a6b      __InitFiles_
Module: C:\WATCOM/lib286/dos\clibl.lib(ioexit.c)
0000:1bb9*     fcloseall_
0000:1bc0      __full_io_exit_
Module: C:\WATCOM/lib286/dos\clibl.lib(fputc.c)
0000:1bca      fputc_
Module: C:\WATCOM/lib286/dos\clibl.lib(ioalloc.c)
0000:1c9a      __ioalloc_
Module: C:\WATCOM/lib286/dos\clibl.lib(prtf.c)
0000:1d34      __prtf_
Module: C:\WATCOM/lib286/dos\clibl.lib(flush.c)
0000:2b02      __flush_
Module: C:\WATCOM/lib286/dos\clibl.lib(flushall.c)
0000:2c35      __flushall_
0000:2c92*     flushall_
Module: C:\WATCOM/lib286/dos\clibl.lib(gtche.c)
0000:2c97      getche_
Module: C:\WATCOM/lib286/dos\clibl.lib(qread.c)
0000:2cb1      __qread_
Module: C:\WATCOM/lib286/dos\clibl.lib(seterrno.c)
0000:2cd1      __set_errno_
0000:2ce5*     __set_EDOM_
0000:2cf7*     __set_ERANGE_
0000:2d09*     __set_EINVAL_
0000:2d1e      __set_doserrno_
Module: C:\WATCOM/lib286/dos\clibl.lib(istable.c)
0430:00ce      __IsTable
Module: C:\WATCOM/lib286/dos\clibl.lib(mbisdbcs.c)
0430:0402      ___IsDBCS
Module: C:\WATCOM/lib286/dos\clibl.lib(mbislead.c)
0000:2d2a*     _ismbblead_
0430:0404      ___MBCSIsTable
Module: C:\WATCOM/lib286/dos\clibl.lib(mbtowc.c)
0000:2d46      mbtowc_
Module: C:\WATCOM/lib286/dos\clibl.lib(bits.c)
0430:01d0      __Bits
Module: C:\WATCOM/lib286/dos\clibl.lib(fdfs086)
0000:2e48      __FDFS
Module: C:\WATCOM/lib286/dos\clibl.lib(i4d)
0000:2e90*     __I4D
0000:2edf      __U4D
Module: C:\WATCOM/lib286/dos\clibl.lib(noefgfmt.c)
0430:0378      ___EFG_printf
0430:037c      ___EFG_scanf
Module: C:\WATCOM/lib286/dos\clibl.lib(tolower.c)
0000:2f76      tolower_
Module: C:\WATCOM/lib286/dos\clibl.lib(i8m086)
0000:2f9f*     __I8M
0000:2f9f      __U8M
0000:2f84*     __I8ME
0000:2f84*     __U8ME
Module: C:\WATCOM/lib286/dos\clibl.lib(i4m)
0000:30ea      __I4M
0000:30ea      __U4M
Module: C:\WATCOM/lib286/dos\clibl.lib(___argc.c)
0430:0506      ____Argv
0430:050a      ____Argc
Module: C:\WATCOM/lib286/dos\clibl.lib(amblksiz.c)
0430:0380      __amblksiz
Module: C:\WATCOM/lib286/dos\clibl.lib(exit.c)
0000:3102+     __null_int23_exit_
0000:3103      exit_
0000:3134*     _exit_
0430:0382+     ___int23_exit
0430:0386+     ___FPE_handler_exit
Module: C:\WATCOM/lib286/dos\clibl.lib(sgdef086)
0430:03dc      __Start_XI
0430:03f4      __End_XI
0430:03f4      __Start_YI
0430:03fa      __End_YI
Module: C:\WATCOM/lib286/dos\clibl.lib(nmalloc.c)
0000:314e      _nmalloc_
0430:038a      ___nheapbeg
0430:038c      ___MiniHeapRover
0430:038e      ___LargestSizeB4MiniHeapRover
Module: C:\WATCOM/lib286/dos\clibl.lib(fmalloc.c)
0000:3228*     _fmalloc_
0000:3228      malloc_
0430:0390+     ___fheap
0430:0392      ___fheapRover
0430:0394      ___LargestSizeB4Rover
Module: C:\WATCOM/lib286/dos\clibl.lib(fclose.c)
0000:3335+     __doclose_
0000:33e6      __shutdown_stream_
0000:3400*     fclose_
0430:050c+     ___RmTmpFileFn
Module: C:\WATCOM/lib286/dos\clibl.lib(freefp.c)
0000:344b      __freefp_
0000:34c6      __purgefp_
Module: C:\WATCOM/lib286/dos\clibl.lib(chktty.c)
0000:3507      __chktty_
Module: C:\WATCOM/lib286/dos\clibl.lib(wctomb.c)
0000:3532      wctomb_
Module: C:\WATCOM/lib286/dos\clibl.lib(itoa.c)
0000:355b+     utoa_
0000:35b8      itoa_
Module: C:\WATCOM/lib286/dos\clibl.lib(strupr.c)
0000:35dc      strupr_
Module: C:\WATCOM/lib286/dos\clibl.lib(lltoa.c)
0000:35fe      ulltoa_
0000:36e3*     lltoa_
Module: C:\WATCOM/lib286/dos\clibl.lib(ltoa.c)
0000:3745      ultoa_
0000:37b4*     ltoa_
Module: C:\WATCOM/lib286/dos\clibl.lib(__lseek.c)
0000:37e3      __lseek_
Module: C:\WATCOM/lib286/dos\clibl.lib(qwrit.c)
0000:381d      __qwrite_
Module: C:\WATCOM/lib286/dos\clibl.lib(fsync.c)
0000:387a      fsync_
Module: C:\WATCOM/lib286/dos\clibl.lib(dosret.c)
0000:387f*     _dosretax_
0000:3884*     _dosret0_
0000:388b      __set_errno_dos_
0000:38e9*     __set_errno_dos_reterr_
Module: C:\WATCOM/lib286/dos\clibl.lib(errno.c)
0000:38f4      __get_errno_ptr_
0000:38fb      __get_doserrno_ptr_
0430:0510+     _errno
0430:0512+     __doserrno
Module: C:\WATCOM/lib286/dos\clibl.lib(mbinit.c)
0000:3940      __mbinit_
0430:03aa+     ___MBCodePage
Module: C:\WATCOM/lib286/dos\clibl.lib(nmemneed.c)
0000:3a1b      __nmemneed_
Module: C:\WATCOM/lib286/dos\clibl.lib(mem.c)
0000:3a20      __MemAllocator
0000:3aea      __MemFree
Module: C:\WATCOM/lib286/dos\clibl.lib(grownear.c)
0000:3ccc      __LastFree_
0000:3d46      __ExpandDGROUP_
Module: C:\WATCOM/lib286/dos\clibl.lib(hpgrw086.c)
0000:3e57      __CMain_nheapgrow_
Module: C:\WATCOM/lib286/dos\clibl.lib(growseg.c)
0000:3e5c      __GrowSeg_
Module: C:\WATCOM/lib286/dos\clibl.lib(allocseg.c)
0000:3f4e      __AllocSeg_
Module: C:\WATCOM/lib286/dos\clibl.lib(fmemneed.c)
0000:3fe5      __fmemneed_
Module: C:\WATCOM/lib286/dos\clibl.lib(_clse.c)
0000:3fe8      __close_
Module: C:\WATCOM/lib286/dos\clibl.lib(ffree.c)
0000:401b*     _ffree_
0000:401b      free_
Module: C:\WATCOM/lib286/dos\clibl.lib(isatt.c)
0000:4061      isatty_
Module: C:\WATCOM/lib286/dos\clibl.lib(alphabet.c)
0430:00a8      ___Alphabet
Module: C:\WATCOM/lib286/dos\clibl.lib(iomode.c)
0000:407d      __GetIOMode_
0000:40a2      __SetIOMode_nogrow_
0430:03ac+     ___NFiles
0430:03ae+     ___init_mode
0430:03d6+     ___io_mode
Module: C:\WATCOM/lib286/dos\clibl.lib(filedos.c)
0000:40c5*     _dos_close_
0000:40d3      _dos_commit_
Module: C:\WATCOM/lib286/dos\clibl.lib(heapen.c)
0000:40e3*     _heapenable_
0430:03da      ___heap_enabled
Module: C:\WATCOM/lib286/dos\clibl.lib(sbrk.c)
0000:40f4*     sbrk_
0000:4104      __brk_
Module: C:\WATCOM/lib286/dos\clibl.lib(nfree.c)
0000:416e      _nfree_
0430:0514+     ___MiniHeapFreeRover
Module: C:\WATCOM/lib286/dos\clibl.lib(heapgrow.c)
0000:4269*     _heapgrow_
0000:4269*     _fheapgrow_
0000:426a      _nheapgrow_
Module: C:\WATCOM/lib286/dos\clibl.lib(doserror)
0000:42e4      __doserror_


                        +--------------------+
                        |   Libraries Used   |
                        +--------------------+

C:\WATCOM/lib286/dos\clibl.lib


                        +-----------------------+
                        |   Linker Statistics   |
                        +-----------------------+

Stack size:  0800 (2048.)
Memory size:  5020 (20512.)
Entry point address: 0000:01aa
Link time: 00:00.60
